// Jest Snapshot v1, https://goo.gl/fbAQLP

exports[`test Input component should render 1`] = `
<DocumentFragment>
  <div
    class="speed-input-warp"
  >
    <input
      class="speed-input"
      data-testid="input"
      style="padding-right: 30px;"
      value=""
    />
  </div>
</DocumentFragment>
`;
