// Jest Snapshot v1, https://goo.gl/fbAQLP

exports[`test anchor component should render 1`] = `
<DocumentFragment>
  <div
    class="speed-anchor"
  >
    <div
      class="speed-anchor-line"
      style="height: 0px;"
    >
      <div
        class="speed-anchor-ballbox"
        style="top: 0px; height: 0px;"
      >
        <div
          class="speed-anchor-ball"
        />
      </div>
    </div>
    <div
      class="speed-anchor-content"
    >
      <div
        class="speed-anchor-item"
      >
        标题头部
      </div>
      <div
        class="speed-anchor-item"
      >
        内容区域
      </div>
      <div
        class="speed-anchor-item"
      >
        内容2区域
      </div>
      <div
        class="speed-anchor-item"
      >
        尾部区域
      </div>
    </div>
  </div>
</DocumentFragment>
`;
