// Jest Snapshot v1, https://goo.gl/fbAQLP

exports[`test button component should render a <Button/> components 1`] = `
<DocumentFragment>
  <button
    class="btn btn-primary"
    data-testid="button"
  >
    default button
  </button>
  <button
    class="btn btn-primary btn-lg"
    data-testid="button"
  >
    small button
  </button>
  <button
    class="btn btn-primary btn-sm"
    data-testid="button"
  >
    small button
  </button>
  <button
    class="btn btn-success"
    data-testid="button"
  >
    success button
  </button>
  <button
    class="btn btn-primary"
    data-testid="button"
  >
    primary button
  </button>
  <button
    class="btn btn-warning"
    data-testid="button"
  >
    warning button
  </button>
  <button
    class="btn btn-danger"
    data-testid="button"
  >
    danger button
  </button>
  <a
    class="btn btn-link"
    data-testid="button"
    href="https://google.com"
  >
    link button
  </a>
</DocumentFragment>
`;
