// Jest Snapshot v1, https://goo.gl/fbAQLP

exports[`test Message component should render 1`] = `
<DocumentFragment>
  <div
    class="speed-message speed-message-success"
  >
    <div
      class="speed-message-content"
    >
      <div
        class="speed-message-icon"
      />
      <div />
    </div>
  </div>
</DocumentFragment>
`;
